// Jest Snapshot v1, https://goo.gl/fbAQLP

exports[`CardSlider should create empty component 1`] = `
Object {
  "asFragment": [Function],
  "baseElement": <body>
    <div>
      <div
        class="cardSliderContainer"
      >
        <div
          class="sliderHeader"
        >
          <div>
            <h1 />
          </div>
          <div
            class="category-selector"
          >
            <div
              class="category"
              role="button"
              tabindex="-1"
            >
              All
            </div>
          </div>
        </div>
        <div
          class="sliderBody"
        >
          <div
            class="arrow-container"
          />
          <div
            class="card-container"
          >
            <div />
          </div>
          <div
            class="arrow-container"
          >
            <div
              class="arrow-right"
              role="button"
              tabindex="-1"
            >
              <img
                alt="right arrow"
                src="arrow.svg"
              />
            </div>
          </div>
        </div>
      </div>
    </div>
  </body>,
  "container": <div>
    <div
      class="cardSliderContainer"
    >
      <div
        class="sliderHeader"
      >
        <div>
          <h1 />
        </div>
        <div
          class="category-selector"
        >
          <div
            class="category"
            role="button"
            tabindex="-1"
          >
            All
          </div>
        </div>
      </div>
      <div
        class="sliderBody"
      >
        <div
          class="arrow-container"
        />
        <div
          class="card-container"
        >
          <div />
        </div>
        <div
          class="arrow-container"
        >
          <div
            class="arrow-right"
            role="button"
            tabindex="-1"
          >
            <img
              alt="right arrow"
              src="arrow.svg"
            />
          </div>
        </div>
      </div>
    </div>
  </div>,
  "debug": [Function],
  "findAllByAltText": [Function],
  "findAllByDisplayValue": [Function],
  "findAllByLabelText": [Function],
  "findAllByPlaceholderText": [Function],
  "findAllByRole": [Function],
  "findAllByTestId": [Function],
  "findAllByText": [Function],
  "findAllByTitle": [Function],
  "findByAltText": [Function],
  "findByDisplayValue": [Function],
  "findByLabelText": [Function],
  "findByPlaceholderText": [Function],
  "findByRole": [Function],
  "findByTestId": [Function],
  "findByText": [Function],
  "findByTitle": [Function],
  "getAllByAltText": [Function],
  "getAllByDisplayValue": [Function],
  "getAllByLabelText": [Function],
  "getAllByPlaceholderText": [Function],
  "getAllByRole": [Function],
  "getAllByTestId": [Function],
  "getAllByText": [Function],
  "getAllByTitle": [Function],
  "getByAltText": [Function],
  "getByDisplayValue": [Function],
  "getByLabelText": [Function],
  "getByPlaceholderText": [Function],
  "getByRole": [Function],
  "getByTestId": [Function],
  "getByText": [Function],
  "getByTitle": [Function],
  "queryAllByAltText": [Function],
  "queryAllByDisplayValue": [Function],
  "queryAllByLabelText": [Function],
  "queryAllByPlaceholderText": [Function],
  "queryAllByRole": [Function],
  "queryAllByTestId": [Function],
  "queryAllByText": [Function],
  "queryAllByTitle": [Function],
  "queryByAltText": [Function],
  "queryByDisplayValue": [Function],
  "queryByLabelText": [Function],
  "queryByPlaceholderText": [Function],
  "queryByRole": [Function],
  "queryByTestId": [Function],
  "queryByText": [Function],
  "queryByTitle": [Function],
  "rerender": [Function],
  "unmount": [Function],
}
`;

exports[`Dropdown should create empty component 1`] = `
Object {
  "asFragment": [Function],
  "baseElement": <body>
    <div>
      <div
        class="cardSliderContainer"
      >
        <div
          class="sliderHeader"
        >
          <div>
            <h1 />
          </div>
          <div
            class="category-selector"
          >
            <div
              class="category"
              role="button"
              tabindex="-1"
            >
              All
            </div>
          </div>
        </div>
        <div
          class="sliderBody"
        >
          <div
            class="arrow-container"
          />
          <div
            class="card-container"
          >
            <div />
          </div>
          <div
            class="arrow-container"
          >
            <div
              class="arrow-right"
              role="button"
              tabindex="-1"
            >
              <img
                alt="right arrow"
                src="arrow.svg"
              />
            </div>
          </div>
        </div>
      </div>
    </div>
  </body>,
  "container": <div>
    <div
      class="cardSliderContainer"
    >
      <div
        class="sliderHeader"
      >
        <div>
          <h1 />
        </div>
        <div
          class="category-selector"
        >
          <div
            class="category"
            role="button"
            tabindex="-1"
          >
            All
          </div>
        </div>
      </div>
      <div
        class="sliderBody"
      >
        <div
          class="arrow-container"
        />
        <div
          class="card-container"
        >
          <div />
        </div>
        <div
          class="arrow-container"
        >
          <div
            class="arrow-right"
            role="button"
            tabindex="-1"
          >
            <img
              alt="right arrow"
              src="arrow.svg"
            />
          </div>
        </div>
      </div>
    </div>
  </div>,
  "debug": [Function],
  "findAllByAltText": [Function],
  "findAllByDisplayValue": [Function],
  "findAllByLabelText": [Function],
  "findAllByPlaceholderText": [Function],
  "findAllByRole": [Function],
  "findAllByTestId": [Function],
  "findAllByText": [Function],
  "findAllByTitle": [Function],
  "findByAltText": [Function],
  "findByDisplayValue": [Function],
  "findByLabelText": [Function],
  "findByPlaceholderText": [Function],
  "findByRole": [Function],
  "findByTestId": [Function],
  "findByText": [Function],
  "findByTitle": [Function],
  "getAllByAltText": [Function],
  "getAllByDisplayValue": [Function],
  "getAllByLabelText": [Function],
  "getAllByPlaceholderText": [Function],
  "getAllByRole": [Function],
  "getAllByTestId": [Function],
  "getAllByText": [Function],
  "getAllByTitle": [Function],
  "getByAltText": [Function],
  "getByDisplayValue": [Function],
  "getByLabelText": [Function],
  "getByPlaceholderText": [Function],
  "getByRole": [Function],
  "getByTestId": [Function],
  "getByText": [Function],
  "getByTitle": [Function],
  "queryAllByAltText": [Function],
  "queryAllByDisplayValue": [Function],
  "queryAllByLabelText": [Function],
  "queryAllByPlaceholderText": [Function],
  "queryAllByRole": [Function],
  "queryAllByTestId": [Function],
  "queryAllByText": [Function],
  "queryAllByTitle": [Function],
  "queryByAltText": [Function],
  "queryByDisplayValue": [Function],
  "queryByLabelText": [Function],
  "queryByPlaceholderText": [Function],
  "queryByRole": [Function],
  "queryByTestId": [Function],
  "queryByText": [Function],
  "queryByTitle": [Function],
  "rerender": [Function],
  "unmount": [Function],
}
`;
