// Jest Snapshot v1, https://goo.gl/fbAQLP

exports[`Info should create empty component 1`] = `
Object {
  "asFragment": [Function],
  "baseElement": <body>
    <div>
      <div
        class="info-container"
      >
        <div
          class="info"
        >
          <p
            class="header"
          >
            Best Prices & Deals
          </p>
          <p
            class="body"
          >
            Don't miss our daily amazing deals prices
          </p>
        </div>
        <div
          class="info"
        >
          <p
            class="header"
          >
            Refundable
          </p>
          <p
            class="body"
          >
            If your items have damage we agree to refund it
          </p>
        </div>
        <div
          class="info"
        >
          <p
            class="header"
          >
            Free delivery
          </p>
          <p
            class="body"
          >
            Do purchase over $50 and get free delivery anywhere
          </p>
        </div>
      </div>
    </div>
  </body>,
  "container": <div>
    <div
      class="info-container"
    >
      <div
        class="info"
      >
        <p
          class="header"
        >
          Best Prices & Deals
        </p>
        <p
          class="body"
        >
          Don't miss our daily amazing deals prices
        </p>
      </div>
      <div
        class="info"
      >
        <p
          class="header"
        >
          Refundable
        </p>
        <p
          class="body"
        >
          If your items have damage we agree to refund it
        </p>
      </div>
      <div
        class="info"
      >
        <p
          class="header"
        >
          Free delivery
        </p>
        <p
          class="body"
        >
          Do purchase over $50 and get free delivery anywhere
        </p>
      </div>
    </div>
  </div>,
  "debug": [Function],
  "findAllByAltText": [Function],
  "findAllByDisplayValue": [Function],
  "findAllByLabelText": [Function],
  "findAllByPlaceholderText": [Function],
  "findAllByRole": [Function],
  "findAllByTestId": [Function],
  "findAllByText": [Function],
  "findAllByTitle": [Function],
  "findByAltText": [Function],
  "findByDisplayValue": [Function],
  "findByLabelText": [Function],
  "findByPlaceholderText": [Function],
  "findByRole": [Function],
  "findByTestId": [Function],
  "findByText": [Function],
  "findByTitle": [Function],
  "getAllByAltText": [Function],
  "getAllByDisplayValue": [Function],
  "getAllByLabelText": [Function],
  "getAllByPlaceholderText": [Function],
  "getAllByRole": [Function],
  "getAllByTestId": [Function],
  "getAllByText": [Function],
  "getAllByTitle": [Function],
  "getByAltText": [Function],
  "getByDisplayValue": [Function],
  "getByLabelText": [Function],
  "getByPlaceholderText": [Function],
  "getByRole": [Function],
  "getByTestId": [Function],
  "getByText": [Function],
  "getByTitle": [Function],
  "queryAllByAltText": [Function],
  "queryAllByDisplayValue": [Function],
  "queryAllByLabelText": [Function],
  "queryAllByPlaceholderText": [Function],
  "queryAllByRole": [Function],
  "queryAllByTestId": [Function],
  "queryAllByText": [Function],
  "queryAllByTitle": [Function],
  "queryByAltText": [Function],
  "queryByDisplayValue": [Function],
  "queryByLabelText": [Function],
  "queryByPlaceholderText": [Function],
  "queryByRole": [Function],
  "queryByTestId": [Function],
  "queryByText": [Function],
  "queryByTitle": [Function],
  "rerender": [Function],
  "unmount": [Function],
}
`;

exports[`ProfileMenu should create empty component 1`] = `
Object {
  "asFragment": [Function],
  "baseElement": <body>
    <div>
      <div
        class="info-container"
      >
        <div
          class="info"
        >
          <p
            class="header"
          >
            Best Prices & Deals
          </p>
          <p
            class="body"
          >
            Don't miss our daily amazing deals prices
          </p>
        </div>
        <div
          class="info"
        >
          <p
            class="header"
          >
            Refundable
          </p>
          <p
            class="body"
          >
            If your items have damage we agree to refund it
          </p>
        </div>
        <div
          class="info"
        >
          <p
            class="header"
          >
            Free delivery
          </p>
          <p
            class="body"
          >
            Do purchase over $50 and get free delivery anywhere
          </p>
        </div>
      </div>
    </div>
  </body>,
  "container": <div>
    <div
      class="info-container"
    >
      <div
        class="info"
      >
        <p
          class="header"
        >
          Best Prices & Deals
        </p>
        <p
          class="body"
        >
          Don't miss our daily amazing deals prices
        </p>
      </div>
      <div
        class="info"
      >
        <p
          class="header"
        >
          Refundable
        </p>
        <p
          class="body"
        >
          If your items have damage we agree to refund it
        </p>
      </div>
      <div
        class="info"
      >
        <p
          class="header"
        >
          Free delivery
        </p>
        <p
          class="body"
        >
          Do purchase over $50 and get free delivery anywhere
        </p>
      </div>
    </div>
  </div>,
  "debug": [Function],
  "findAllByAltText": [Function],
  "findAllByDisplayValue": [Function],
  "findAllByLabelText": [Function],
  "findAllByPlaceholderText": [Function],
  "findAllByRole": [Function],
  "findAllByTestId": [Function],
  "findAllByText": [Function],
  "findAllByTitle": [Function],
  "findByAltText": [Function],
  "findByDisplayValue": [Function],
  "findByLabelText": [Function],
  "findByPlaceholderText": [Function],
  "findByRole": [Function],
  "findByTestId": [Function],
  "findByText": [Function],
  "findByTitle": [Function],
  "getAllByAltText": [Function],
  "getAllByDisplayValue": [Function],
  "getAllByLabelText": [Function],
  "getAllByPlaceholderText": [Function],
  "getAllByRole": [Function],
  "getAllByTestId": [Function],
  "getAllByText": [Function],
  "getAllByTitle": [Function],
  "getByAltText": [Function],
  "getByDisplayValue": [Function],
  "getByLabelText": [Function],
  "getByPlaceholderText": [Function],
  "getByRole": [Function],
  "getByTestId": [Function],
  "getByText": [Function],
  "getByTitle": [Function],
  "queryAllByAltText": [Function],
  "queryAllByDisplayValue": [Function],
  "queryAllByLabelText": [Function],
  "queryAllByPlaceholderText": [Function],
  "queryAllByRole": [Function],
  "queryAllByTestId": [Function],
  "queryAllByText": [Function],
  "queryAllByTitle": [Function],
  "queryByAltText": [Function],
  "queryByDisplayValue": [Function],
  "queryByLabelText": [Function],
  "queryByPlaceholderText": [Function],
  "queryByRole": [Function],
  "queryByTestId": [Function],
  "queryByText": [Function],
  "queryByTitle": [Function],
  "rerender": [Function],
  "unmount": [Function],
}
`;
