// Jest Snapshot v1, https://goo.gl/fbAQLP

exports[`CartItem should create empty component 1`] = `
Object {
  "asFragment": [Function],
  "baseElement": <body>
    <div>
      <div
        class="item-container"
      >
        <div
          class="info-header"
        >
          0
          <img
            alt="no img"
            class="product-img"
            src=""
          />
          <div
            class="info-container"
          >
            <div
              class="category"
            />
            <div
              class="product-name"
            />
            <div
              class="quantity-container"
            >
              <button
                class="disabled quantity-changer"
                type="button"
              >
                <img
                  alt="up"
                  src="icon_arrow.svg"
                />
              </button>
              <div
                class="quantity-changer"
              >
                0
              </div>
              <button
                class="quantity-changer"
                type="button"
              >
                <img
                  alt="down"
                  class="arrow-down"
                  src="icon_arrow.svg"
                />
              </button>
            </div>
            <div
              class="price-container"
            >
              <div
                class="info-body"
              >
                <div
                  class="discount-price"
                >
                  $0
                  0
                </div>
                0
              </div>
            </div>
            <div
              class="sum-container"
            >
              Total: $0
            </div>
          </div>
        </div>
      </div>
    </div>
  </body>,
  "container": <div>
    <div
      class="item-container"
    >
      <div
        class="info-header"
      >
        0
        <img
          alt="no img"
          class="product-img"
          src=""
        />
        <div
          class="info-container"
        >
          <div
            class="category"
          />
          <div
            class="product-name"
          />
          <div
            class="quantity-container"
          >
            <button
              class="disabled quantity-changer"
              type="button"
            >
              <img
                alt="up"
                src="icon_arrow.svg"
              />
            </button>
            <div
              class="quantity-changer"
            >
              0
            </div>
            <button
              class="quantity-changer"
              type="button"
            >
              <img
                alt="down"
                class="arrow-down"
                src="icon_arrow.svg"
              />
            </button>
          </div>
          <div
            class="price-container"
          >
            <div
              class="info-body"
            >
              <div
                class="discount-price"
              >
                $0
                0
              </div>
              0
            </div>
          </div>
          <div
            class="sum-container"
          >
            Total: $0
          </div>
        </div>
      </div>
    </div>
  </div>,
  "debug": [Function],
  "findAllByAltText": [Function],
  "findAllByDisplayValue": [Function],
  "findAllByLabelText": [Function],
  "findAllByPlaceholderText": [Function],
  "findAllByRole": [Function],
  "findAllByTestId": [Function],
  "findAllByText": [Function],
  "findAllByTitle": [Function],
  "findByAltText": [Function],
  "findByDisplayValue": [Function],
  "findByLabelText": [Function],
  "findByPlaceholderText": [Function],
  "findByRole": [Function],
  "findByTestId": [Function],
  "findByText": [Function],
  "findByTitle": [Function],
  "getAllByAltText": [Function],
  "getAllByDisplayValue": [Function],
  "getAllByLabelText": [Function],
  "getAllByPlaceholderText": [Function],
  "getAllByRole": [Function],
  "getAllByTestId": [Function],
  "getAllByText": [Function],
  "getAllByTitle": [Function],
  "getByAltText": [Function],
  "getByDisplayValue": [Function],
  "getByLabelText": [Function],
  "getByPlaceholderText": [Function],
  "getByRole": [Function],
  "getByTestId": [Function],
  "getByText": [Function],
  "getByTitle": [Function],
  "queryAllByAltText": [Function],
  "queryAllByDisplayValue": [Function],
  "queryAllByLabelText": [Function],
  "queryAllByPlaceholderText": [Function],
  "queryAllByRole": [Function],
  "queryAllByTestId": [Function],
  "queryAllByText": [Function],
  "queryAllByTitle": [Function],
  "queryByAltText": [Function],
  "queryByDisplayValue": [Function],
  "queryByLabelText": [Function],
  "queryByPlaceholderText": [Function],
  "queryByRole": [Function],
  "queryByTestId": [Function],
  "queryByText": [Function],
  "queryByTitle": [Function],
  "rerender": [Function],
  "unmount": [Function],
}
`;
